<!doctype html>
<html>
  <head>
    <title>test</title>
    <script src="test.js?v=fish"></script>
    <script>
      console.log('testing');
    </script>
    <link href="test.css?v=fish" rel="stylesheet">
    <link href="//cdn.1.test.com/test.css?v=fish" rel="stylesheet">
  </head>
  <body>
    <img src="testing.png?v=fish" alt="">
    <img src="testing.gif?v=fish" alt="">
    <img src="testing.jpg?v=fish" alt="">
    <img src="testing.jpeg?v=fish" alt="">
    <script src="test2.js?v=fish"></script>
    <script src="//cdn.2.test.com/test2.js?v=fish"></script>
  </body>
</html>
