<!doctype html>
<html>
  <head>
    <title>test</title>
    <script src="test.js/cb-123456"></script>
    <script>
      console.log('testing');
    </script>
    <link href="test.css/cb-123456" rel="stylesheet">
    <link href="//cdn.1.test.com/test.css/cb-123456" rel="stylesheet">
  </head>
  <body>
    <img src="testing.png/cb-123456" alt="">
    <img src="testing.gif/cb-123456" alt="">
    <img src="testing.jpg/cb-123456" alt="">
    <img src="testing.jpeg/cb-123456" alt="">
    <script src="test2.js/cb-123456"></script>
    <script src="//cdn.2.test.com/test2.js/cb-123456"></script>
  </body>
</html>
